# Ansible inventory created from ['tests/hosts/input/clab-oci.yml', 'package:topology-defaults.yml']
#
---
frr:
  hosts:
    h1:
      ansible_host: clab-hosts-h1
      connection_type: docker
      id: 1
    h2:
      ansible_host: clab-hosts-h2
      connection_type: docker
      id: 2
