name: topology

topology:
  nodes:
    t1:
      kind: linux
      image: frrouting/frr:v7.5.0
    t2:
      kind: linux
      image: frrouting/frr:v7.5.0

  links:
  - endpoints:
    - "t1:eth1"
    - "t2:eth1"
